// Jest Snapshot v1, https://goo.gl/fbAQLP

exports[`Home should render correctly 1`] = `
<main
  class="flex min-h-screen items-center justify-center p-24 flex-col"
>
  <h1
    class="text-4xl break-words text-center"
  >
    Create Next.js apps using TailwindCSS and TypeScript
  </h1>
  <h3
    class="css-1ndg5q"
  >
    Typography component
  </h3>
  <hr
    class="css-1appgvr"
    height="3"
  />
  <button
    class="css-euufcq"
  >
    Button Component Primary
  </button>
  <hr
    class="css-1appgvr"
    height="3"
  />
  <button
    class="css-a0h23x"
    color="secondary"
  >
    Button Component Secondary
  </button>
  <div
    class="css-1botpz1"
    color="#f6f6f6"
  >
    Stack component
  </div>
</main>
`;
